Error while loading conda entry point: conda-libmamba-solver (libarchive.so.19: cannot open shared object file: No such file or directory)
NGPUS = 1
Transfer learning: retraining ERA5 trained attention, vertical=stratosphere_update, horizontal=global model with features uvthetaw. CyclicLR scheduler to cycle learning rates between lr_min=0.0001 to lr_max=0.0009, K=3.
File name: /scratch/users/ag4680/coarsegrained_ifs_gwmf_helmholtz/NDJF/troposphere_and_stratosphere_1x1_inputfeatures_u_v_theta_w_uw_vw_era5_training_data_hourly_constant_mu_sigma_scaling.nc
train batch size = 80
validation batch size = 80
Region: 1andes
---244
---244
488
120
Loading model checkpoint from /scratch/users/ag4680/torch_saved_models/attention_unet/attnunet_era5_global_stratosphere_update_uvthetaw_mseloss_train_epoch119.pt
False
False
False
False
False
False
False
False
False
False
False
False
False
False
False
False
False
False
False
False
False
False
False
False
False
False
False
False
False
False
False
False
False
False
False
False
False
False
False
False
False
False
False
False
False
False
False
False
False
False
False
False
False
False
False
False
False
False
False
False
False
False
False
False
False
False
False
False
False
False
False
False
False
False
False
False
False
False
False
False
True
True
True
True
True
True
True
True
True
True
True
True
True
True
True
True
True
True
True
True
True
True
True
True
True
True
True
True
True
True
True
True
True
True
True
True
True
True
True
True
True
True
True
True
True
True
True
True
True
True
True
True
True
True
True
True
True
True
model loaded 
 --- model size: 144.85 MBs,
 --- Num params: 37.955 mil. 
Model checkpoint loaded and prepared for re-training
Re-Training final two layers...
Training complete.
