Error while loading conda entry point: conda-libmamba-solver (libarchive.so.19: cannot open shared object file: No such file or directory)
NGPUS = 1
Transfer learning: retraining ERA5 trained attention, vertical=global, horizontal=global model with features uvw. CyclicLR scheduler to cycle learning rates between lr_min=0.0001 to lr_max=0.0009.
File name: /scratch/users/ag4680/coarsegrained_ifs_gwmf_helmholtz/NDJF/troposphere_and_stratosphere_1x1_inputfeatures_u_v_theta_w_uw_vw_era5_training_data_hourly_constant_mu_sigma_scaling.nc
train batch size = 80
validation batch size = 80
Region: 1andes
---244
---244
366
244
Loading model checkpoint from /scratch/users/ag4680/torch_saved_models/attention_unet/attnunet_era5_global_global_uvw_mseloss_train_epoch150.pt
False
False
False
False
False
False
False
False
False
False
False
False
False
False
False
False
False
False
False
False
False
False
False
False
False
False
False
False
False
False
False
False
False
False
False
False
False
False
False
False
False
False
False
False
False
False
False
False
False
False
False
False
False
False
False
False
False
False
False
False
False
False
False
False
False
False
False
False
False
False
False
False
False
False
False
False
False
False
False
False
False
False
False
False
False
False
False
False
False
False
False
False
False
False
False
False
False
False
False
False
False
False
False
False
False
False
False
False
False
False
False
False
False
False
False
False
False
False
False
False
False
False
False
False
False
False
False
False
True
True
True
True
True
True
True
True
True
True
model loaded 
 --- model size: 144.61 MBs,
 --- Num params: 37.893 mil. 
Model checkpoint loaded and prepared for re-training
Re-Training final two layers...
Training complete.
NGPUS = 1
Transfer learning: retraining ERA5 trained ANN-CNNs with stencil 1x1, vertical=global, horizontal=global model with features uvw. CyclicLR scheduler to cycle learning rates between lr_min=0.0001 to lr_max=0.0009.
File name: /scratch/users/ag4680/coarsegrained_ifs_gwmf_helmholtz/NDJF/troposphere_and_stratosphere_1x1_inputfeatures_u_v_theta_w_uw_vw_era5_training_data_hourly_constant_mu_sigma_scaling.nc
train batch size = 20
validation batch size = 20
Region: 1andes
Input dim: 369, hidden dim: 1476, output dim: 244
Loading model checkpoint from /scratch/users/ag4680/torch_saved_models/JAMES/global/ann_cnn_1x1_global_global_era5_uvw__train_epoch100.pt
False
False
False
False
False
False
False
False
False
False
False
False
False
False
False
False
False
False
False
False
True
True
True
True
True
True
model loaded 
 --- model size: 38.70 MBs,
 --- Num params: 10.125 mil. 
Model checkpoint loaded and prepared for re-training
Re-Training final two layers...
Training complete.
NGPUS = 1
Transfer learning: retraining ERA5 trained ANN-CNNs with stencil 3x3, vertical=stratosphere_update, horizontal=global model with features uvw. CyclicLR scheduler to cycle learning rates between lr_min=0.0001 to lr_max=0.0009.
File name: /scratch/users/ag4680/coarsegrained_ifs_gwmf_helmholtz/NDJF/troposphere_and_stratosphere_3x3_inputfeatures_u_v_theta_w_uw_vw_era5_training_data_hourly_constant_mu_sigma_scaling.nc
train batch size = 10
validation batch size = 10
Region: 1andes
Input dim: 369, hidden dim: 1476, output dim: 120
Loading model checkpoint from /scratch/users/ag4680/torch_saved_models/JAMES/stratosphere_update/ann_cnn_3x3_global_stratosphere_update_era5_uvw__train_epoch100.pt
False
False
False
False
False
False
False
False
False
False
False
False
False
False
False
False
False
False
False
False
False
False
True
True
True
True
True
True
model loaded 
 --- model size: 41.63 MBs,
 --- Num params: 10.894 mil. 
Model checkpoint loaded and prepared for re-training
Re-Training final two layers...
Training complete.
NGPUS = 1
Inference for month 1
Inference the ANN_CNN model on global horizontal and global vertical model, with features uvw and dropout=0.0.
Test files = ['/scratch/users/ag4680/training_data/era5/1x1_inputfeatures_u_v_theta_w_uw_vw_era5_training_data_hourly_2015_constant_mu_sigma_scaling01.nc']
Model created. 
 --- model size: 38.70 MBs,
 --- Num params: 10.125 mil. 
Output NC file: /scratch/users/ag4680/gw_inference_ncfiles/TLIFS_inference_TLIFS_ann_cnn_1x1_era5_ifs_global_global_uvw_mseloss_train_epoch200_2015_1_testedonERA5.nc
Initiating inference
Inference complete
NGPUS = 1
Inference for month 1
Inference the ANN_CNN model on global horizontal and stratosphere_update vertical model, with features uvw and dropout=0.0.
Test files = ['/scratch/users/ag4680/training_data/era5/nonlocal_3x3_inputfeatures_u_v_theta_w_uw_vw_era5_training_data_hourly_2015_constant_mu_sigma_scaling01.nc']
Model created. 
 --- model size: 41.63 MBs,
 --- Num params: 10.894 mil. 
Output NC file: /scratch/users/ag4680/gw_inference_ncfiles/TLIFS_inference_TLIFS_ann_cnn_3x3_era5_ifs_global_stratosphere_update_uvw_mseloss_train_epoch200_2015_1_testedonERA5.nc
Initiating inference
Inference complete
NGPUS = 1
Inference for month 1
Inference the Attention UNet model on global horizontal and global vertical model, with features uvw and dropout=0.0.
Test files = ['/scratch/users/ag4680/training_data/era5/1x1_inputfeatures_u_v_theta_w_uw_vw_era5_training_data_hourly_2015_constant_mu_sigma_scaling01.nc']
---244
Model created. 
 --- model size: 144.61 MBs,
 --- Num params: 37.893 mil. 
Output NC file: /scratch/users/ag4680/gw_inference_ncfiles/TLIFS_inference_TLIFS_attnunet_era5_ifs_global_global_uvw_mseloss_train_epoch200_2015_1_testedonERA5.nc
Initiating inference
Inference complete
NGPUS = 1
Inference for month 2
Inference the ANN_CNN model on global horizontal and global vertical model, with features uvw and dropout=0.0.
Test files = ['/scratch/users/ag4680/training_data/era5/1x1_inputfeatures_u_v_theta_w_uw_vw_era5_training_data_hourly_2015_constant_mu_sigma_scaling02.nc']
Model created. 
 --- model size: 38.70 MBs,
 --- Num params: 10.125 mil. 
Output NC file: /scratch/users/ag4680/gw_inference_ncfiles/TLIFS_inference_TLIFS_ann_cnn_1x1_era5_ifs_global_global_uvw_mseloss_train_epoch200_2015_2_testedonERA5.nc
Initiating inference
Inference complete
NGPUS = 1
Inference for month 2
Inference the ANN_CNN model on global horizontal and stratosphere_update vertical model, with features uvw and dropout=0.0.
Test files = ['/scratch/users/ag4680/training_data/era5/nonlocal_3x3_inputfeatures_u_v_theta_w_uw_vw_era5_training_data_hourly_2015_constant_mu_sigma_scaling02.nc']
Model created. 
 --- model size: 41.63 MBs,
 --- Num params: 10.894 mil. 
Output NC file: /scratch/users/ag4680/gw_inference_ncfiles/TLIFS_inference_TLIFS_ann_cnn_3x3_era5_ifs_global_stratosphere_update_uvw_mseloss_train_epoch200_2015_2_testedonERA5.nc
Initiating inference
Inference complete
NGPUS = 1
Inference for month 2
Inference the Attention UNet model on global horizontal and global vertical model, with features uvw and dropout=0.0.
Test files = ['/scratch/users/ag4680/training_data/era5/1x1_inputfeatures_u_v_theta_w_uw_vw_era5_training_data_hourly_2015_constant_mu_sigma_scaling02.nc']
---244
Model created. 
 --- model size: 144.61 MBs,
 --- Num params: 37.893 mil. 
Output NC file: /scratch/users/ag4680/gw_inference_ncfiles/TLIFS_inference_TLIFS_attnunet_era5_ifs_global_global_uvw_mseloss_train_epoch200_2015_2_testedonERA5.nc
Initiating inference
Inference complete
NGPUS = 1
Inference for month 3
Inference the ANN_CNN model on global horizontal and global vertical model, with features uvw and dropout=0.0.
Test files = ['/scratch/users/ag4680/training_data/era5/1x1_inputfeatures_u_v_theta_w_uw_vw_era5_training_data_hourly_2015_constant_mu_sigma_scaling03.nc']
Model created. 
 --- model size: 38.70 MBs,
 --- Num params: 10.125 mil. 
Output NC file: /scratch/users/ag4680/gw_inference_ncfiles/TLIFS_inference_TLIFS_ann_cnn_1x1_era5_ifs_global_global_uvw_mseloss_train_epoch200_2015_3_testedonERA5.nc
Initiating inference
Inference complete
NGPUS = 1
Inference for month 3
Inference the ANN_CNN model on global horizontal and stratosphere_update vertical model, with features uvw and dropout=0.0.
Test files = ['/scratch/users/ag4680/training_data/era5/nonlocal_3x3_inputfeatures_u_v_theta_w_uw_vw_era5_training_data_hourly_2015_constant_mu_sigma_scaling03.nc']
Model created. 
 --- model size: 41.63 MBs,
 --- Num params: 10.894 mil. 
Output NC file: /scratch/users/ag4680/gw_inference_ncfiles/TLIFS_inference_TLIFS_ann_cnn_3x3_era5_ifs_global_stratosphere_update_uvw_mseloss_train_epoch200_2015_3_testedonERA5.nc
Initiating inference
Inference complete
NGPUS = 1
Inference for month 3
Inference the Attention UNet model on global horizontal and global vertical model, with features uvw and dropout=0.0.
Test files = ['/scratch/users/ag4680/training_data/era5/1x1_inputfeatures_u_v_theta_w_uw_vw_era5_training_data_hourly_2015_constant_mu_sigma_scaling03.nc']
---244
Model created. 
 --- model size: 144.61 MBs,
 --- Num params: 37.893 mil. 
Output NC file: /scratch/users/ag4680/gw_inference_ncfiles/TLIFS_inference_TLIFS_attnunet_era5_ifs_global_global_uvw_mseloss_train_epoch200_2015_3_testedonERA5.nc
Initiating inference
Inference complete
NGPUS = 1
Inference for month 4
Inference the ANN_CNN model on global horizontal and global vertical model, with features uvw and dropout=0.0.
Test files = ['/scratch/users/ag4680/training_data/era5/1x1_inputfeatures_u_v_theta_w_uw_vw_era5_training_data_hourly_2015_constant_mu_sigma_scaling04.nc']
Model created. 
 --- model size: 38.70 MBs,
 --- Num params: 10.125 mil. 
Output NC file: /scratch/users/ag4680/gw_inference_ncfiles/TLIFS_inference_TLIFS_ann_cnn_1x1_era5_ifs_global_global_uvw_mseloss_train_epoch200_2015_4_testedonERA5.nc
Initiating inference
Inference complete
NGPUS = 1
Inference for month 4
Inference the ANN_CNN model on global horizontal and stratosphere_update vertical model, with features uvw and dropout=0.0.
Test files = ['/scratch/users/ag4680/training_data/era5/nonlocal_3x3_inputfeatures_u_v_theta_w_uw_vw_era5_training_data_hourly_2015_constant_mu_sigma_scaling04.nc']
Model created. 
 --- model size: 41.63 MBs,
 --- Num params: 10.894 mil. 
Output NC file: /scratch/users/ag4680/gw_inference_ncfiles/TLIFS_inference_TLIFS_ann_cnn_3x3_era5_ifs_global_stratosphere_update_uvw_mseloss_train_epoch200_2015_4_testedonERA5.nc
Initiating inference
Inference complete
NGPUS = 1
Inference for month 4
Inference the Attention UNet model on global horizontal and global vertical model, with features uvw and dropout=0.0.
Test files = ['/scratch/users/ag4680/training_data/era5/1x1_inputfeatures_u_v_theta_w_uw_vw_era5_training_data_hourly_2015_constant_mu_sigma_scaling04.nc']
---244
Model created. 
 --- model size: 144.61 MBs,
 --- Num params: 37.893 mil. 
Output NC file: /scratch/users/ag4680/gw_inference_ncfiles/TLIFS_inference_TLIFS_attnunet_era5_ifs_global_global_uvw_mseloss_train_epoch200_2015_4_testedonERA5.nc
Initiating inference
Inference complete
NGPUS = 1
Inference for month 5
Inference the ANN_CNN model on global horizontal and global vertical model, with features uvw and dropout=0.0.
Test files = ['/scratch/users/ag4680/training_data/era5/1x1_inputfeatures_u_v_theta_w_uw_vw_era5_training_data_hourly_2015_constant_mu_sigma_scaling05.nc']
Model created. 
 --- model size: 38.70 MBs,
 --- Num params: 10.125 mil. 
Output NC file: /scratch/users/ag4680/gw_inference_ncfiles/TLIFS_inference_TLIFS_ann_cnn_1x1_era5_ifs_global_global_uvw_mseloss_train_epoch200_2015_5_testedonERA5.nc
Initiating inference
Inference complete
NGPUS = 1
Inference for month 5
Inference the ANN_CNN model on global horizontal and stratosphere_update vertical model, with features uvw and dropout=0.0.
Test files = ['/scratch/users/ag4680/training_data/era5/nonlocal_3x3_inputfeatures_u_v_theta_w_uw_vw_era5_training_data_hourly_2015_constant_mu_sigma_scaling05.nc']
Model created. 
 --- model size: 41.63 MBs,
 --- Num params: 10.894 mil. 
Output NC file: /scratch/users/ag4680/gw_inference_ncfiles/TLIFS_inference_TLIFS_ann_cnn_3x3_era5_ifs_global_stratosphere_update_uvw_mseloss_train_epoch200_2015_5_testedonERA5.nc
Initiating inference
Inference complete
NGPUS = 1
Inference for month 5
Inference the Attention UNet model on global horizontal and global vertical model, with features uvw and dropout=0.0.
Test files = ['/scratch/users/ag4680/training_data/era5/1x1_inputfeatures_u_v_theta_w_uw_vw_era5_training_data_hourly_2015_constant_mu_sigma_scaling05.nc']
---244
Model created. 
 --- model size: 144.61 MBs,
 --- Num params: 37.893 mil. 
Output NC file: /scratch/users/ag4680/gw_inference_ncfiles/TLIFS_inference_TLIFS_attnunet_era5_ifs_global_global_uvw_mseloss_train_epoch200_2015_5_testedonERA5.nc
Initiating inference
Inference complete
NGPUS = 1
Inference for month 6
Inference the ANN_CNN model on global horizontal and global vertical model, with features uvw and dropout=0.0.
Test files = ['/scratch/users/ag4680/training_data/era5/1x1_inputfeatures_u_v_theta_w_uw_vw_era5_training_data_hourly_2015_constant_mu_sigma_scaling06.nc']
Model created. 
 --- model size: 38.70 MBs,
 --- Num params: 10.125 mil. 
Output NC file: /scratch/users/ag4680/gw_inference_ncfiles/TLIFS_inference_TLIFS_ann_cnn_1x1_era5_ifs_global_global_uvw_mseloss_train_epoch200_2015_6_testedonERA5.nc
Initiating inference
Inference complete
NGPUS = 1
Inference for month 6
Inference the ANN_CNN model on global horizontal and stratosphere_update vertical model, with features uvw and dropout=0.0.
Test files = ['/scratch/users/ag4680/training_data/era5/nonlocal_3x3_inputfeatures_u_v_theta_w_uw_vw_era5_training_data_hourly_2015_constant_mu_sigma_scaling06.nc']
Model created. 
 --- model size: 41.63 MBs,
 --- Num params: 10.894 mil. 
Output NC file: /scratch/users/ag4680/gw_inference_ncfiles/TLIFS_inference_TLIFS_ann_cnn_3x3_era5_ifs_global_stratosphere_update_uvw_mseloss_train_epoch200_2015_6_testedonERA5.nc
Initiating inference
Inference complete
NGPUS = 1
Inference for month 6
Inference the Attention UNet model on global horizontal and global vertical model, with features uvw and dropout=0.0.
Test files = ['/scratch/users/ag4680/training_data/era5/1x1_inputfeatures_u_v_theta_w_uw_vw_era5_training_data_hourly_2015_constant_mu_sigma_scaling06.nc']
---244
Model created. 
 --- model size: 144.61 MBs,
 --- Num params: 37.893 mil. 
Output NC file: /scratch/users/ag4680/gw_inference_ncfiles/TLIFS_inference_TLIFS_attnunet_era5_ifs_global_global_uvw_mseloss_train_epoch200_2015_6_testedonERA5.nc
Initiating inference
Inference complete
NGPUS = 1
Inference for month 7
Inference the ANN_CNN model on global horizontal and global vertical model, with features uvw and dropout=0.0.
Test files = ['/scratch/users/ag4680/training_data/era5/1x1_inputfeatures_u_v_theta_w_uw_vw_era5_training_data_hourly_2015_constant_mu_sigma_scaling07.nc']
Model created. 
 --- model size: 38.70 MBs,
 --- Num params: 10.125 mil. 
Output NC file: /scratch/users/ag4680/gw_inference_ncfiles/TLIFS_inference_TLIFS_ann_cnn_1x1_era5_ifs_global_global_uvw_mseloss_train_epoch200_2015_7_testedonERA5.nc
Initiating inference
Inference complete
NGPUS = 1
Inference for month 7
Inference the ANN_CNN model on global horizontal and stratosphere_update vertical model, with features uvw and dropout=0.0.
Test files = ['/scratch/users/ag4680/training_data/era5/nonlocal_3x3_inputfeatures_u_v_theta_w_uw_vw_era5_training_data_hourly_2015_constant_mu_sigma_scaling07.nc']
Model created. 
 --- model size: 41.63 MBs,
 --- Num params: 10.894 mil. 
Output NC file: /scratch/users/ag4680/gw_inference_ncfiles/TLIFS_inference_TLIFS_ann_cnn_3x3_era5_ifs_global_stratosphere_update_uvw_mseloss_train_epoch200_2015_7_testedonERA5.nc
Initiating inference
Inference complete
NGPUS = 1
Inference for month 7
Inference the Attention UNet model on global horizontal and global vertical model, with features uvw and dropout=0.0.
Test files = ['/scratch/users/ag4680/training_data/era5/1x1_inputfeatures_u_v_theta_w_uw_vw_era5_training_data_hourly_2015_constant_mu_sigma_scaling07.nc']
---244
Model created. 
 --- model size: 144.61 MBs,
 --- Num params: 37.893 mil. 
Output NC file: /scratch/users/ag4680/gw_inference_ncfiles/TLIFS_inference_TLIFS_attnunet_era5_ifs_global_global_uvw_mseloss_train_epoch200_2015_7_testedonERA5.nc
Initiating inference
Inference complete
NGPUS = 1
Inference for month 8
Inference the ANN_CNN model on global horizontal and global vertical model, with features uvw and dropout=0.0.
Test files = ['/scratch/users/ag4680/training_data/era5/1x1_inputfeatures_u_v_theta_w_uw_vw_era5_training_data_hourly_2015_constant_mu_sigma_scaling08.nc']
Model created. 
 --- model size: 38.70 MBs,
 --- Num params: 10.125 mil. 
Output NC file: /scratch/users/ag4680/gw_inference_ncfiles/TLIFS_inference_TLIFS_ann_cnn_1x1_era5_ifs_global_global_uvw_mseloss_train_epoch200_2015_8_testedonERA5.nc
Initiating inference
Inference complete
NGPUS = 1
Inference for month 8
Inference the ANN_CNN model on global horizontal and stratosphere_update vertical model, with features uvw and dropout=0.0.
Test files = ['/scratch/users/ag4680/training_data/era5/nonlocal_3x3_inputfeatures_u_v_theta_w_uw_vw_era5_training_data_hourly_2015_constant_mu_sigma_scaling08.nc']
Model created. 
 --- model size: 41.63 MBs,
 --- Num params: 10.894 mil. 
Output NC file: /scratch/users/ag4680/gw_inference_ncfiles/TLIFS_inference_TLIFS_ann_cnn_3x3_era5_ifs_global_stratosphere_update_uvw_mseloss_train_epoch200_2015_8_testedonERA5.nc
Initiating inference
Inference complete
NGPUS = 1
Inference for month 8
Inference the Attention UNet model on global horizontal and global vertical model, with features uvw and dropout=0.0.
Test files = ['/scratch/users/ag4680/training_data/era5/1x1_inputfeatures_u_v_theta_w_uw_vw_era5_training_data_hourly_2015_constant_mu_sigma_scaling08.nc']
---244
Model created. 
 --- model size: 144.61 MBs,
 --- Num params: 37.893 mil. 
Output NC file: /scratch/users/ag4680/gw_inference_ncfiles/TLIFS_inference_TLIFS_attnunet_era5_ifs_global_global_uvw_mseloss_train_epoch200_2015_8_testedonERA5.nc
Initiating inference
Inference complete
NGPUS = 1
Inference for month 9
Inference the ANN_CNN model on global horizontal and global vertical model, with features uvw and dropout=0.0.
Test files = ['/scratch/users/ag4680/training_data/era5/1x1_inputfeatures_u_v_theta_w_uw_vw_era5_training_data_hourly_2015_constant_mu_sigma_scaling09.nc']
Model created. 
 --- model size: 38.70 MBs,
 --- Num params: 10.125 mil. 
Output NC file: /scratch/users/ag4680/gw_inference_ncfiles/TLIFS_inference_TLIFS_ann_cnn_1x1_era5_ifs_global_global_uvw_mseloss_train_epoch200_2015_9_testedonERA5.nc
Initiating inference
Inference complete
NGPUS = 1
Inference for month 9
Inference the ANN_CNN model on global horizontal and stratosphere_update vertical model, with features uvw and dropout=0.0.
Test files = ['/scratch/users/ag4680/training_data/era5/nonlocal_3x3_inputfeatures_u_v_theta_w_uw_vw_era5_training_data_hourly_2015_constant_mu_sigma_scaling09.nc']
Model created. 
 --- model size: 41.63 MBs,
 --- Num params: 10.894 mil. 
Output NC file: /scratch/users/ag4680/gw_inference_ncfiles/TLIFS_inference_TLIFS_ann_cnn_3x3_era5_ifs_global_stratosphere_update_uvw_mseloss_train_epoch200_2015_9_testedonERA5.nc
Initiating inference
Inference complete
NGPUS = 1
Inference for month 9
Inference the Attention UNet model on global horizontal and global vertical model, with features uvw and dropout=0.0.
Test files = ['/scratch/users/ag4680/training_data/era5/1x1_inputfeatures_u_v_theta_w_uw_vw_era5_training_data_hourly_2015_constant_mu_sigma_scaling09.nc']
---244
Model created. 
 --- model size: 144.61 MBs,
 --- Num params: 37.893 mil. 
Output NC file: /scratch/users/ag4680/gw_inference_ncfiles/TLIFS_inference_TLIFS_attnunet_era5_ifs_global_global_uvw_mseloss_train_epoch200_2015_9_testedonERA5.nc
Initiating inference
Inference complete
NGPUS = 1
Inference for month 10
Inference the ANN_CNN model on global horizontal and global vertical model, with features uvw and dropout=0.0.
Test files = ['/scratch/users/ag4680/training_data/era5/1x1_inputfeatures_u_v_theta_w_uw_vw_era5_training_data_hourly_2015_constant_mu_sigma_scaling10.nc']
Model created. 
 --- model size: 38.70 MBs,
 --- Num params: 10.125 mil. 
Output NC file: /scratch/users/ag4680/gw_inference_ncfiles/TLIFS_inference_TLIFS_ann_cnn_1x1_era5_ifs_global_global_uvw_mseloss_train_epoch200_2015_10_testedonERA5.nc
Initiating inference
Inference complete
NGPUS = 1
Inference for month 10
Inference the ANN_CNN model on global horizontal and stratosphere_update vertical model, with features uvw and dropout=0.0.
Test files = ['/scratch/users/ag4680/training_data/era5/nonlocal_3x3_inputfeatures_u_v_theta_w_uw_vw_era5_training_data_hourly_2015_constant_mu_sigma_scaling10.nc']
Model created. 
 --- model size: 41.63 MBs,
 --- Num params: 10.894 mil. 
Output NC file: /scratch/users/ag4680/gw_inference_ncfiles/TLIFS_inference_TLIFS_ann_cnn_3x3_era5_ifs_global_stratosphere_update_uvw_mseloss_train_epoch200_2015_10_testedonERA5.nc
Initiating inference
Inference complete
NGPUS = 1
Inference for month 10
Inference the Attention UNet model on global horizontal and global vertical model, with features uvw and dropout=0.0.
Test files = ['/scratch/users/ag4680/training_data/era5/1x1_inputfeatures_u_v_theta_w_uw_vw_era5_training_data_hourly_2015_constant_mu_sigma_scaling10.nc']
---244
Model created. 
 --- model size: 144.61 MBs,
 --- Num params: 37.893 mil. 
Output NC file: /scratch/users/ag4680/gw_inference_ncfiles/TLIFS_inference_TLIFS_attnunet_era5_ifs_global_global_uvw_mseloss_train_epoch200_2015_10_testedonERA5.nc
Initiating inference
Inference complete
NGPUS = 1
Inference for month 11
Inference the ANN_CNN model on global horizontal and global vertical model, with features uvw and dropout=0.0.
Test files = ['/scratch/users/ag4680/training_data/era5/1x1_inputfeatures_u_v_theta_w_uw_vw_era5_training_data_hourly_2015_constant_mu_sigma_scaling11.nc']
Model created. 
 --- model size: 38.70 MBs,
 --- Num params: 10.125 mil. 
Output NC file: /scratch/users/ag4680/gw_inference_ncfiles/TLIFS_inference_TLIFS_ann_cnn_1x1_era5_ifs_global_global_uvw_mseloss_train_epoch200_2015_11_testedonERA5.nc
Initiating inference
Inference complete
NGPUS = 1
Inference for month 11
Inference the ANN_CNN model on global horizontal and stratosphere_update vertical model, with features uvw and dropout=0.0.
Test files = ['/scratch/users/ag4680/training_data/era5/nonlocal_3x3_inputfeatures_u_v_theta_w_uw_vw_era5_training_data_hourly_2015_constant_mu_sigma_scaling11.nc']
Model created. 
 --- model size: 41.63 MBs,
 --- Num params: 10.894 mil. 
Output NC file: /scratch/users/ag4680/gw_inference_ncfiles/TLIFS_inference_TLIFS_ann_cnn_3x3_era5_ifs_global_stratosphere_update_uvw_mseloss_train_epoch200_2015_11_testedonERA5.nc
Initiating inference
Inference complete
NGPUS = 1
Inference for month 11
Inference the Attention UNet model on global horizontal and global vertical model, with features uvw and dropout=0.0.
Test files = ['/scratch/users/ag4680/training_data/era5/1x1_inputfeatures_u_v_theta_w_uw_vw_era5_training_data_hourly_2015_constant_mu_sigma_scaling11.nc']
---244
Model created. 
 --- model size: 144.61 MBs,
 --- Num params: 37.893 mil. 
Output NC file: /scratch/users/ag4680/gw_inference_ncfiles/TLIFS_inference_TLIFS_attnunet_era5_ifs_global_global_uvw_mseloss_train_epoch200_2015_11_testedonERA5.nc
Initiating inference
Inference complete
NGPUS = 1
Inference for month 12
Inference the ANN_CNN model on global horizontal and global vertical model, with features uvw and dropout=0.0.
Test files = ['/scratch/users/ag4680/training_data/era5/1x1_inputfeatures_u_v_theta_w_uw_vw_era5_training_data_hourly_2015_constant_mu_sigma_scaling12.nc']
Model created. 
 --- model size: 38.70 MBs,
 --- Num params: 10.125 mil. 
Output NC file: /scratch/users/ag4680/gw_inference_ncfiles/TLIFS_inference_TLIFS_ann_cnn_1x1_era5_ifs_global_global_uvw_mseloss_train_epoch200_2015_12_testedonERA5.nc
Initiating inference
Inference complete
NGPUS = 1
Inference for month 12
Inference the ANN_CNN model on global horizontal and stratosphere_update vertical model, with features uvw and dropout=0.0.
Test files = ['/scratch/users/ag4680/training_data/era5/nonlocal_3x3_inputfeatures_u_v_theta_w_uw_vw_era5_training_data_hourly_2015_constant_mu_sigma_scaling12.nc']
Model created. 
 --- model size: 41.63 MBs,
 --- Num params: 10.894 mil. 
Output NC file: /scratch/users/ag4680/gw_inference_ncfiles/TLIFS_inference_TLIFS_ann_cnn_3x3_era5_ifs_global_stratosphere_update_uvw_mseloss_train_epoch200_2015_12_testedonERA5.nc
Initiating inference
Inference complete
NGPUS = 1
Inference for month 12
Inference the Attention UNet model on global horizontal and global vertical model, with features uvw and dropout=0.0.
Test files = ['/scratch/users/ag4680/training_data/era5/1x1_inputfeatures_u_v_theta_w_uw_vw_era5_training_data_hourly_2015_constant_mu_sigma_scaling12.nc']
---244
Model created. 
 --- model size: 144.61 MBs,
 --- Num params: 37.893 mil. 
Output NC file: /scratch/users/ag4680/gw_inference_ncfiles/TLIFS_inference_TLIFS_attnunet_era5_ifs_global_global_uvw_mseloss_train_epoch200_2015_12_testedonERA5.nc
Initiating inference
Inference complete
NGPUS = 1
Inference the Attention UNet model on global horizontal and global vertical model, with features uvw and dropout=0.0.
Test files = ['/scratch/users/ag4680/coarsegrained_ifs_gwmf_helmholtz/NDJF/troposphere_and_stratosphere_1x1_inputfeatures_u_v_theta_w_uw_vw_era5_training_data_hourly_constant_mu_sigma_scaling.nc']
---244
Model created. 
 --- model size: 144.61 MBs,
 --- Num params: 37.893 mil. 
Output NC file: /scratch/users/ag4680/gw_inference_ncfiles/TLIFS_inference_TLIFS_attnunet_era5_ifs_global_global_uvw_mseloss_train_epoch200_testedonIFS.nc
Initiating inference
Inference complete
NGPUS = 1
Inference the ANN_CNN model on global horizontal and global vertical model, with features uvw and dropout=0.0.
Test files = ['/scratch/users/ag4680/coarsegrained_ifs_gwmf_helmholtz/NDJF/troposphere_and_stratosphere_1x1_inputfeatures_u_v_theta_w_uw_vw_era5_training_data_hourly_constant_mu_sigma_scaling.nc']
Model created. 
 --- model size: 38.70 MBs,
 --- Num params: 10.125 mil. 
Output NC file: /scratch/users/ag4680/gw_inference_ncfiles/TLIFS_inference_TLIFS_ann_cnn_1x1_era5_ifs_global_global_uvw_mseloss_train_epoch200_testedonIFS.nc
Initiating inference
Inference complete
NGPUS = 1
Inference the ANN_CNN model on global horizontal and stratosphere_update vertical model, with features uvw and dropout=0.0.
Test files = ['/scratch/users/ag4680/coarsegrained_ifs_gwmf_helmholtz/NDJF/troposphere_and_stratosphere_3x3_inputfeatures_u_v_theta_w_uw_vw_era5_training_data_hourly_constant_mu_sigma_scaling.nc']
Model created. 
 --- model size: 41.63 MBs,
 --- Num params: 10.894 mil. 
Output NC file: /scratch/users/ag4680/gw_inference_ncfiles/TLIFS_inference_TLIFS_ann_cnn_3x3_era5_ifs_global_stratosphere_update_uvw_mseloss_train_epoch200_testedonIFS.nc
Initiating inference
Inference complete
