Error while loading conda entry point: conda-libmamba-solver (libarchive.so.19: cannot open shared object file: No such file or directory)
NGPUS = 1
Transfer learning: retraining ERA5 trained ANN-CNNs with stencil 1x1, vertical=stratosphere_update, horizontal=global model with features uvthetaw. CyclicLR scheduler to cycle learning rates between lr_min=0.0001 to lr_max=0.0009, K=3.
File name: /scratch/users/ag4680/coarsegrained_ifs_gwmf_helmholtz/NDJF/troposphere_and_stratosphere_1x1_inputfeatures_u_v_theta_w_uw_vw_era5_training_data_hourly_constant_mu_sigma_scaling.nc
train batch size = 20
validation batch size = 20
Region: 1andes
Input dim: 491, hidden dim: 1964, output dim: 120
Loading model checkpoint from /scratch/users/ag4680/torch_saved_models/JAMES/stratosphere_update/ann_cnn_1x1_global_stratosphere_update_era5_uvthetaw__train_epoch100.pt
False
False
False
False
False
False
False
False
False
False
False
False
True
True
True
True
True
True
True
True
True
True
True
True
True
True
model loaded 
 --- model size: 64.67 MBs,
 --- Num params: 16.928 mil. 
Model checkpoint loaded and prepared for re-training
Re-Training final two layers...
Training complete.
