Error while loading conda entry point: conda-libmamba-solver (libarchive.so.19: cannot open shared object file: No such file or directory)
NGPUS = 1
Transfer learning: retraining ERA5 trained ANN-CNNs with stencil 3x3, vertical=stratosphere_update, horizontal=global model with features uvthetaw. CyclicLR scheduler to cycle learning rates between lr_min=0.0001 to lr_max=0.0009.
File name: /scratch/users/ag4680/coarsegrained_ifs_gwmf_helmholtz/NDJF/troposphere_and_stratosphere_3x3_inputfeatures_u_v_theta_w_uw_vw_era5_training_data_hourly_constant_mu_sigma_scaling.nc
train batch size = 10
validation batch size = 10
Region: 1andes
Input dim: 491, hidden dim: 1964, output dim: 120
Loading model checkpoint from /scratch/users/ag4680/torch_saved_models/JAMES/stratosphere_update/ann_cnn_3x3_global_stratosphere_update_era5_uvthetaw__train_epoch52.pt
False
False
False
False
False
False
False
False
False
False
False
False
False
False
False
False
False
False
False
False
False
False
True
True
True
True
True
True
model loaded 
 --- model size: 72.95 MBs,
 --- Num params: 19.098 mil. 
Model checkpoint loaded and prepared for re-training
Re-Training final two layers...
Training complete.
NGPUS = 1
Inference for month 1
Inference the ANN_CNN model on global horizontal and global vertical model, with features uvtheta and dropout=0.0.
Test files = ['/scratch/users/ag4680/training_data/era5/nonlocal_3x3_inputfeatures_u_v_theta_w_uw_vw_era5_training_data_hourly_2015_constant_mu_sigma_scaling01.nc']
Model created. 
 --- model size: 43.37 MBs,
 --- Num params: 11.351 mil. 
Output NC file: /scratch/users/ag4680/gw_inference_ncfiles/TLIFS_inference_TLIFS_ann_cnn_3x3_era5_ifs_global_global_uvtheta_mseloss_train_epoch200_2015_1_testedonERA5.nc
Initiating inference
Inference complete
NGPUS = 1
Inference for month 1
Inference the ANN_CNN model on global horizontal and global vertical model, with features uvthetaw and dropout=0.0.
Test files = ['/scratch/users/ag4680/training_data/era5/nonlocal_3x3_inputfeatures_u_v_theta_w_uw_vw_era5_training_data_hourly_2015_constant_mu_sigma_scaling01.nc']
Model created. 
 --- model size: 75.15 MBs,
 --- Num params: 19.676 mil. 
Output NC file: /scratch/users/ag4680/gw_inference_ncfiles/TLIFS_inference_TLIFS_ann_cnn_3x3_era5_ifs_global_global_uvthetaw_mseloss_train_epoch200_2015_1_testedonERA5.nc
Initiating inference
Inference complete
NGPUS = 1
Inference for month 1
Inference the ANN_CNN model on global horizontal and stratosphere_only vertical model, with features uvtheta and dropout=0.0.
Test files = ['/scratch/users/ag4680/training_data/era5/stratosphere_nonlocal_3x3_inputfeatures_u_v_theta_w_N2_uw_vw_era5_training_data_hourly_2015_constant_mu_sigma_scaling01.nc']
Model created. 
 --- model size: 10.70 MBs,
 --- Num params: 2.797 mil. 
Output NC file: /scratch/users/ag4680/gw_inference_ncfiles/TLIFS_inference_TLIFS_ann_cnn_3x3_era5_ifs_global_stratosphere_only_uvtheta_mseloss_train_epoch200_2015_1_testedonERA5.nc
Initiating inference
Inference complete
NGPUS = 1
Inference for month 1
Inference the ANN_CNN model on global horizontal and stratosphere_only vertical model, with features uvthetaw and dropout=0.0.
Test files = ['/scratch/users/ag4680/training_data/era5/stratosphere_nonlocal_3x3_inputfeatures_u_v_theta_w_N2_uw_vw_era5_training_data_hourly_2015_constant_mu_sigma_scaling01.nc']
Model created. 
 --- model size: 18.46 MBs,
 --- Num params: 4.826 mil. 
Output NC file: /scratch/users/ag4680/gw_inference_ncfiles/TLIFS_inference_TLIFS_ann_cnn_3x3_era5_ifs_global_stratosphere_only_uvthetaw_mseloss_train_epoch200_2015_1_testedonERA5.nc
Initiating inference
Inference complete
NGPUS = 1
Inference for month 1
Inference the ANN_CNN model on global horizontal and stratosphere_update vertical model, with features uvtheta and dropout=0.0.
Test files = ['/scratch/users/ag4680/training_data/era5/nonlocal_3x3_inputfeatures_u_v_theta_w_uw_vw_era5_training_data_hourly_2015_constant_mu_sigma_scaling01.nc']
Model created. 
 --- model size: 41.63 MBs,
 --- Num params: 10.894 mil. 
Output NC file: /scratch/users/ag4680/gw_inference_ncfiles/TLIFS_inference_TLIFS_ann_cnn_3x3_era5_ifs_global_stratosphere_update_uvtheta_mseloss_train_epoch200_2015_1_testedonERA5.nc
Initiating inference
Inference complete
NGPUS = 1
Inference for month 1
Inference the ANN_CNN model on global horizontal and stratosphere_update vertical model, with features uvthetaw and dropout=0.0.
Test files = ['/scratch/users/ag4680/training_data/era5/nonlocal_3x3_inputfeatures_u_v_theta_w_uw_vw_era5_training_data_hourly_2015_constant_mu_sigma_scaling01.nc']
Model created. 
 --- model size: 72.95 MBs,
 --- Num params: 19.098 mil. 
Output NC file: /scratch/users/ag4680/gw_inference_ncfiles/TLIFS_inference_TLIFS_ann_cnn_3x3_era5_ifs_global_stratosphere_update_uvthetaw_mseloss_train_epoch200_2015_1_testedonERA5.nc
Initiating inference
Inference complete
NGPUS = 1
Inference for month 2
Inference the ANN_CNN model on global horizontal and global vertical model, with features uvtheta and dropout=0.0.
Test files = ['/scratch/users/ag4680/training_data/era5/nonlocal_3x3_inputfeatures_u_v_theta_w_uw_vw_era5_training_data_hourly_2015_constant_mu_sigma_scaling02.nc']
Model created. 
 --- model size: 43.37 MBs,
 --- Num params: 11.351 mil. 
Output NC file: /scratch/users/ag4680/gw_inference_ncfiles/TLIFS_inference_TLIFS_ann_cnn_3x3_era5_ifs_global_global_uvtheta_mseloss_train_epoch200_2015_2_testedonERA5.nc
Initiating inference
Inference complete
NGPUS = 1
Inference for month 2
Inference the ANN_CNN model on global horizontal and global vertical model, with features uvthetaw and dropout=0.0.
Test files = ['/scratch/users/ag4680/training_data/era5/nonlocal_3x3_inputfeatures_u_v_theta_w_uw_vw_era5_training_data_hourly_2015_constant_mu_sigma_scaling02.nc']
Model created. 
 --- model size: 75.15 MBs,
 --- Num params: 19.676 mil. 
Output NC file: /scratch/users/ag4680/gw_inference_ncfiles/TLIFS_inference_TLIFS_ann_cnn_3x3_era5_ifs_global_global_uvthetaw_mseloss_train_epoch200_2015_2_testedonERA5.nc
Initiating inference
Inference complete
NGPUS = 1
Inference for month 2
Inference the ANN_CNN model on global horizontal and stratosphere_only vertical model, with features uvtheta and dropout=0.0.
Test files = ['/scratch/users/ag4680/training_data/era5/stratosphere_nonlocal_3x3_inputfeatures_u_v_theta_w_N2_uw_vw_era5_training_data_hourly_2015_constant_mu_sigma_scaling02.nc']
Model created. 
 --- model size: 10.70 MBs,
 --- Num params: 2.797 mil. 
Output NC file: /scratch/users/ag4680/gw_inference_ncfiles/TLIFS_inference_TLIFS_ann_cnn_3x3_era5_ifs_global_stratosphere_only_uvtheta_mseloss_train_epoch200_2015_2_testedonERA5.nc
Initiating inference
Inference complete
NGPUS = 1
Inference for month 2
Inference the ANN_CNN model on global horizontal and stratosphere_only vertical model, with features uvthetaw and dropout=0.0.
Test files = ['/scratch/users/ag4680/training_data/era5/stratosphere_nonlocal_3x3_inputfeatures_u_v_theta_w_N2_uw_vw_era5_training_data_hourly_2015_constant_mu_sigma_scaling02.nc']
Model created. 
 --- model size: 18.46 MBs,
 --- Num params: 4.826 mil. 
Output NC file: /scratch/users/ag4680/gw_inference_ncfiles/TLIFS_inference_TLIFS_ann_cnn_3x3_era5_ifs_global_stratosphere_only_uvthetaw_mseloss_train_epoch200_2015_2_testedonERA5.nc
Initiating inference
Inference complete
NGPUS = 1
Inference for month 2
Inference the ANN_CNN model on global horizontal and stratosphere_update vertical model, with features uvtheta and dropout=0.0.
Test files = ['/scratch/users/ag4680/training_data/era5/nonlocal_3x3_inputfeatures_u_v_theta_w_uw_vw_era5_training_data_hourly_2015_constant_mu_sigma_scaling02.nc']
Model created. 
 --- model size: 41.63 MBs,
 --- Num params: 10.894 mil. 
Output NC file: /scratch/users/ag4680/gw_inference_ncfiles/TLIFS_inference_TLIFS_ann_cnn_3x3_era5_ifs_global_stratosphere_update_uvtheta_mseloss_train_epoch200_2015_2_testedonERA5.nc
Initiating inference
Inference complete
NGPUS = 1
Inference for month 2
Inference the ANN_CNN model on global horizontal and stratosphere_update vertical model, with features uvthetaw and dropout=0.0.
Test files = ['/scratch/users/ag4680/training_data/era5/nonlocal_3x3_inputfeatures_u_v_theta_w_uw_vw_era5_training_data_hourly_2015_constant_mu_sigma_scaling02.nc']
Model created. 
 --- model size: 72.95 MBs,
 --- Num params: 19.098 mil. 
Output NC file: /scratch/users/ag4680/gw_inference_ncfiles/TLIFS_inference_TLIFS_ann_cnn_3x3_era5_ifs_global_stratosphere_update_uvthetaw_mseloss_train_epoch200_2015_2_testedonERA5.nc
Initiating inference
Inference complete
NGPUS = 1
Inference for month 3
Inference the ANN_CNN model on global horizontal and global vertical model, with features uvtheta and dropout=0.0.
Test files = ['/scratch/users/ag4680/training_data/era5/nonlocal_3x3_inputfeatures_u_v_theta_w_uw_vw_era5_training_data_hourly_2015_constant_mu_sigma_scaling03.nc']
Model created. 
 --- model size: 43.37 MBs,
 --- Num params: 11.351 mil. 
Output NC file: /scratch/users/ag4680/gw_inference_ncfiles/TLIFS_inference_TLIFS_ann_cnn_3x3_era5_ifs_global_global_uvtheta_mseloss_train_epoch200_2015_3_testedonERA5.nc
Initiating inference
Inference complete
NGPUS = 1
Inference for month 3
Inference the ANN_CNN model on global horizontal and global vertical model, with features uvthetaw and dropout=0.0.
Test files = ['/scratch/users/ag4680/training_data/era5/nonlocal_3x3_inputfeatures_u_v_theta_w_uw_vw_era5_training_data_hourly_2015_constant_mu_sigma_scaling03.nc']
Model created. 
 --- model size: 75.15 MBs,
 --- Num params: 19.676 mil. 
Output NC file: /scratch/users/ag4680/gw_inference_ncfiles/TLIFS_inference_TLIFS_ann_cnn_3x3_era5_ifs_global_global_uvthetaw_mseloss_train_epoch200_2015_3_testedonERA5.nc
Initiating inference
Inference complete
NGPUS = 1
Inference for month 3
Inference the ANN_CNN model on global horizontal and stratosphere_only vertical model, with features uvtheta and dropout=0.0.
Test files = ['/scratch/users/ag4680/training_data/era5/stratosphere_nonlocal_3x3_inputfeatures_u_v_theta_w_N2_uw_vw_era5_training_data_hourly_2015_constant_mu_sigma_scaling03.nc']
Model created. 
 --- model size: 10.70 MBs,
 --- Num params: 2.797 mil. 
Output NC file: /scratch/users/ag4680/gw_inference_ncfiles/TLIFS_inference_TLIFS_ann_cnn_3x3_era5_ifs_global_stratosphere_only_uvtheta_mseloss_train_epoch200_2015_3_testedonERA5.nc
Initiating inference
Inference complete
NGPUS = 1
Inference for month 3
Inference the ANN_CNN model on global horizontal and stratosphere_only vertical model, with features uvthetaw and dropout=0.0.
Test files = ['/scratch/users/ag4680/training_data/era5/stratosphere_nonlocal_3x3_inputfeatures_u_v_theta_w_N2_uw_vw_era5_training_data_hourly_2015_constant_mu_sigma_scaling03.nc']
Model created. 
 --- model size: 18.46 MBs,
 --- Num params: 4.826 mil. 
Output NC file: /scratch/users/ag4680/gw_inference_ncfiles/TLIFS_inference_TLIFS_ann_cnn_3x3_era5_ifs_global_stratosphere_only_uvthetaw_mseloss_train_epoch200_2015_3_testedonERA5.nc
Initiating inference
Inference complete
NGPUS = 1
Inference for month 3
Inference the ANN_CNN model on global horizontal and stratosphere_update vertical model, with features uvtheta and dropout=0.0.
Test files = ['/scratch/users/ag4680/training_data/era5/nonlocal_3x3_inputfeatures_u_v_theta_w_uw_vw_era5_training_data_hourly_2015_constant_mu_sigma_scaling03.nc']
Model created. 
 --- model size: 41.63 MBs,
 --- Num params: 10.894 mil. 
Output NC file: /scratch/users/ag4680/gw_inference_ncfiles/TLIFS_inference_TLIFS_ann_cnn_3x3_era5_ifs_global_stratosphere_update_uvtheta_mseloss_train_epoch200_2015_3_testedonERA5.nc
Initiating inference
Inference complete
NGPUS = 1
Inference for month 3
Inference the ANN_CNN model on global horizontal and stratosphere_update vertical model, with features uvthetaw and dropout=0.0.
Test files = ['/scratch/users/ag4680/training_data/era5/nonlocal_3x3_inputfeatures_u_v_theta_w_uw_vw_era5_training_data_hourly_2015_constant_mu_sigma_scaling03.nc']
Model created. 
 --- model size: 72.95 MBs,
 --- Num params: 19.098 mil. 
Output NC file: /scratch/users/ag4680/gw_inference_ncfiles/TLIFS_inference_TLIFS_ann_cnn_3x3_era5_ifs_global_stratosphere_update_uvthetaw_mseloss_train_epoch200_2015_3_testedonERA5.nc
Initiating inference
Inference complete
NGPUS = 1
Inference for month 4
Inference the ANN_CNN model on global horizontal and global vertical model, with features uvtheta and dropout=0.0.
Test files = ['/scratch/users/ag4680/training_data/era5/nonlocal_3x3_inputfeatures_u_v_theta_w_uw_vw_era5_training_data_hourly_2015_constant_mu_sigma_scaling04.nc']
Model created. 
 --- model size: 43.37 MBs,
 --- Num params: 11.351 mil. 
Output NC file: /scratch/users/ag4680/gw_inference_ncfiles/TLIFS_inference_TLIFS_ann_cnn_3x3_era5_ifs_global_global_uvtheta_mseloss_train_epoch200_2015_4_testedonERA5.nc
Initiating inference
Inference complete
NGPUS = 1
Inference for month 4
Inference the ANN_CNN model on global horizontal and global vertical model, with features uvthetaw and dropout=0.0.
Test files = ['/scratch/users/ag4680/training_data/era5/nonlocal_3x3_inputfeatures_u_v_theta_w_uw_vw_era5_training_data_hourly_2015_constant_mu_sigma_scaling04.nc']
Model created. 
 --- model size: 75.15 MBs,
 --- Num params: 19.676 mil. 
Output NC file: /scratch/users/ag4680/gw_inference_ncfiles/TLIFS_inference_TLIFS_ann_cnn_3x3_era5_ifs_global_global_uvthetaw_mseloss_train_epoch200_2015_4_testedonERA5.nc
Initiating inference
Inference complete
NGPUS = 1
Inference for month 4
Inference the ANN_CNN model on global horizontal and stratosphere_only vertical model, with features uvtheta and dropout=0.0.
Test files = ['/scratch/users/ag4680/training_data/era5/stratosphere_nonlocal_3x3_inputfeatures_u_v_theta_w_N2_uw_vw_era5_training_data_hourly_2015_constant_mu_sigma_scaling04.nc']
Model created. 
 --- model size: 10.70 MBs,
 --- Num params: 2.797 mil. 
Output NC file: /scratch/users/ag4680/gw_inference_ncfiles/TLIFS_inference_TLIFS_ann_cnn_3x3_era5_ifs_global_stratosphere_only_uvtheta_mseloss_train_epoch200_2015_4_testedonERA5.nc
Initiating inference
Inference complete
NGPUS = 1
Inference for month 4
Inference the ANN_CNN model on global horizontal and stratosphere_only vertical model, with features uvthetaw and dropout=0.0.
Test files = ['/scratch/users/ag4680/training_data/era5/stratosphere_nonlocal_3x3_inputfeatures_u_v_theta_w_N2_uw_vw_era5_training_data_hourly_2015_constant_mu_sigma_scaling04.nc']
Model created. 
 --- model size: 18.46 MBs,
 --- Num params: 4.826 mil. 
Output NC file: /scratch/users/ag4680/gw_inference_ncfiles/TLIFS_inference_TLIFS_ann_cnn_3x3_era5_ifs_global_stratosphere_only_uvthetaw_mseloss_train_epoch200_2015_4_testedonERA5.nc
Initiating inference
Inference complete
NGPUS = 1
Inference for month 4
Inference the ANN_CNN model on global horizontal and stratosphere_update vertical model, with features uvtheta and dropout=0.0.
Test files = ['/scratch/users/ag4680/training_data/era5/nonlocal_3x3_inputfeatures_u_v_theta_w_uw_vw_era5_training_data_hourly_2015_constant_mu_sigma_scaling04.nc']
Model created. 
 --- model size: 41.63 MBs,
 --- Num params: 10.894 mil. 
Output NC file: /scratch/users/ag4680/gw_inference_ncfiles/TLIFS_inference_TLIFS_ann_cnn_3x3_era5_ifs_global_stratosphere_update_uvtheta_mseloss_train_epoch200_2015_4_testedonERA5.nc
Initiating inference
Inference complete
NGPUS = 1
Inference for month 4
Inference the ANN_CNN model on global horizontal and stratosphere_update vertical model, with features uvthetaw and dropout=0.0.
Test files = ['/scratch/users/ag4680/training_data/era5/nonlocal_3x3_inputfeatures_u_v_theta_w_uw_vw_era5_training_data_hourly_2015_constant_mu_sigma_scaling04.nc']
Model created. 
 --- model size: 72.95 MBs,
 --- Num params: 19.098 mil. 
Output NC file: /scratch/users/ag4680/gw_inference_ncfiles/TLIFS_inference_TLIFS_ann_cnn_3x3_era5_ifs_global_stratosphere_update_uvthetaw_mseloss_train_epoch200_2015_4_testedonERA5.nc
Initiating inference
Inference complete
NGPUS = 1
Inference for month 5
Inference the ANN_CNN model on global horizontal and global vertical model, with features uvtheta and dropout=0.0.
Test files = ['/scratch/users/ag4680/training_data/era5/nonlocal_3x3_inputfeatures_u_v_theta_w_uw_vw_era5_training_data_hourly_2015_constant_mu_sigma_scaling05.nc']
Model created. 
 --- model size: 43.37 MBs,
 --- Num params: 11.351 mil. 
Output NC file: /scratch/users/ag4680/gw_inference_ncfiles/TLIFS_inference_TLIFS_ann_cnn_3x3_era5_ifs_global_global_uvtheta_mseloss_train_epoch200_2015_5_testedonERA5.nc
Initiating inference
Inference complete
NGPUS = 1
Inference for month 5
Inference the ANN_CNN model on global horizontal and global vertical model, with features uvthetaw and dropout=0.0.
Test files = ['/scratch/users/ag4680/training_data/era5/nonlocal_3x3_inputfeatures_u_v_theta_w_uw_vw_era5_training_data_hourly_2015_constant_mu_sigma_scaling05.nc']
Model created. 
 --- model size: 75.15 MBs,
 --- Num params: 19.676 mil. 
Output NC file: /scratch/users/ag4680/gw_inference_ncfiles/TLIFS_inference_TLIFS_ann_cnn_3x3_era5_ifs_global_global_uvthetaw_mseloss_train_epoch200_2015_5_testedonERA5.nc
Initiating inference
Inference complete
NGPUS = 1
Inference for month 5
Inference the ANN_CNN model on global horizontal and stratosphere_only vertical model, with features uvtheta and dropout=0.0.
Test files = ['/scratch/users/ag4680/training_data/era5/stratosphere_nonlocal_3x3_inputfeatures_u_v_theta_w_N2_uw_vw_era5_training_data_hourly_2015_constant_mu_sigma_scaling05.nc']
Model created. 
 --- model size: 10.70 MBs,
 --- Num params: 2.797 mil. 
Output NC file: /scratch/users/ag4680/gw_inference_ncfiles/TLIFS_inference_TLIFS_ann_cnn_3x3_era5_ifs_global_stratosphere_only_uvtheta_mseloss_train_epoch200_2015_5_testedonERA5.nc
Initiating inference
Inference complete
NGPUS = 1
Inference for month 5
Inference the ANN_CNN model on global horizontal and stratosphere_only vertical model, with features uvthetaw and dropout=0.0.
Test files = ['/scratch/users/ag4680/training_data/era5/stratosphere_nonlocal_3x3_inputfeatures_u_v_theta_w_N2_uw_vw_era5_training_data_hourly_2015_constant_mu_sigma_scaling05.nc']
Model created. 
 --- model size: 18.46 MBs,
 --- Num params: 4.826 mil. 
Output NC file: /scratch/users/ag4680/gw_inference_ncfiles/TLIFS_inference_TLIFS_ann_cnn_3x3_era5_ifs_global_stratosphere_only_uvthetaw_mseloss_train_epoch200_2015_5_testedonERA5.nc
Initiating inference
Inference complete
NGPUS = 1
Inference for month 5
Inference the ANN_CNN model on global horizontal and stratosphere_update vertical model, with features uvtheta and dropout=0.0.
Test files = ['/scratch/users/ag4680/training_data/era5/nonlocal_3x3_inputfeatures_u_v_theta_w_uw_vw_era5_training_data_hourly_2015_constant_mu_sigma_scaling05.nc']
Model created. 
 --- model size: 41.63 MBs,
 --- Num params: 10.894 mil. 
Output NC file: /scratch/users/ag4680/gw_inference_ncfiles/TLIFS_inference_TLIFS_ann_cnn_3x3_era5_ifs_global_stratosphere_update_uvtheta_mseloss_train_epoch200_2015_5_testedonERA5.nc
Initiating inference
Inference complete
NGPUS = 1
Inference for month 5
Inference the ANN_CNN model on global horizontal and stratosphere_update vertical model, with features uvthetaw and dropout=0.0.
Test files = ['/scratch/users/ag4680/training_data/era5/nonlocal_3x3_inputfeatures_u_v_theta_w_uw_vw_era5_training_data_hourly_2015_constant_mu_sigma_scaling05.nc']
Model created. 
 --- model size: 72.95 MBs,
 --- Num params: 19.098 mil. 
Output NC file: /scratch/users/ag4680/gw_inference_ncfiles/TLIFS_inference_TLIFS_ann_cnn_3x3_era5_ifs_global_stratosphere_update_uvthetaw_mseloss_train_epoch200_2015_5_testedonERA5.nc
Initiating inference
Inference complete
NGPUS = 1
Inference for month 6
Inference the ANN_CNN model on global horizontal and global vertical model, with features uvtheta and dropout=0.0.
Test files = ['/scratch/users/ag4680/training_data/era5/nonlocal_3x3_inputfeatures_u_v_theta_w_uw_vw_era5_training_data_hourly_2015_constant_mu_sigma_scaling06.nc']
Model created. 
 --- model size: 43.37 MBs,
 --- Num params: 11.351 mil. 
Output NC file: /scratch/users/ag4680/gw_inference_ncfiles/TLIFS_inference_TLIFS_ann_cnn_3x3_era5_ifs_global_global_uvtheta_mseloss_train_epoch200_2015_6_testedonERA5.nc
Initiating inference
Inference complete
NGPUS = 1
Inference for month 6
Inference the ANN_CNN model on global horizontal and global vertical model, with features uvthetaw and dropout=0.0.
Test files = ['/scratch/users/ag4680/training_data/era5/nonlocal_3x3_inputfeatures_u_v_theta_w_uw_vw_era5_training_data_hourly_2015_constant_mu_sigma_scaling06.nc']
Model created. 
 --- model size: 75.15 MBs,
 --- Num params: 19.676 mil. 
Output NC file: /scratch/users/ag4680/gw_inference_ncfiles/TLIFS_inference_TLIFS_ann_cnn_3x3_era5_ifs_global_global_uvthetaw_mseloss_train_epoch200_2015_6_testedonERA5.nc
Initiating inference
Inference complete
NGPUS = 1
Inference for month 6
Inference the ANN_CNN model on global horizontal and stratosphere_only vertical model, with features uvtheta and dropout=0.0.
Test files = ['/scratch/users/ag4680/training_data/era5/stratosphere_nonlocal_3x3_inputfeatures_u_v_theta_w_N2_uw_vw_era5_training_data_hourly_2015_constant_mu_sigma_scaling06.nc']
Model created. 
 --- model size: 10.70 MBs,
 --- Num params: 2.797 mil. 
Output NC file: /scratch/users/ag4680/gw_inference_ncfiles/TLIFS_inference_TLIFS_ann_cnn_3x3_era5_ifs_global_stratosphere_only_uvtheta_mseloss_train_epoch200_2015_6_testedonERA5.nc
Initiating inference
Inference complete
NGPUS = 1
Inference for month 6
Inference the ANN_CNN model on global horizontal and stratosphere_only vertical model, with features uvthetaw and dropout=0.0.
Test files = ['/scratch/users/ag4680/training_data/era5/stratosphere_nonlocal_3x3_inputfeatures_u_v_theta_w_N2_uw_vw_era5_training_data_hourly_2015_constant_mu_sigma_scaling06.nc']
Model created. 
 --- model size: 18.46 MBs,
 --- Num params: 4.826 mil. 
Output NC file: /scratch/users/ag4680/gw_inference_ncfiles/TLIFS_inference_TLIFS_ann_cnn_3x3_era5_ifs_global_stratosphere_only_uvthetaw_mseloss_train_epoch200_2015_6_testedonERA5.nc
Initiating inference
Inference complete
NGPUS = 1
Inference for month 6
Inference the ANN_CNN model on global horizontal and stratosphere_update vertical model, with features uvtheta and dropout=0.0.
Test files = ['/scratch/users/ag4680/training_data/era5/nonlocal_3x3_inputfeatures_u_v_theta_w_uw_vw_era5_training_data_hourly_2015_constant_mu_sigma_scaling06.nc']
Model created. 
 --- model size: 41.63 MBs,
 --- Num params: 10.894 mil. 
Output NC file: /scratch/users/ag4680/gw_inference_ncfiles/TLIFS_inference_TLIFS_ann_cnn_3x3_era5_ifs_global_stratosphere_update_uvtheta_mseloss_train_epoch200_2015_6_testedonERA5.nc
Initiating inference
Inference complete
NGPUS = 1
Inference for month 6
Inference the ANN_CNN model on global horizontal and stratosphere_update vertical model, with features uvthetaw and dropout=0.0.
Test files = ['/scratch/users/ag4680/training_data/era5/nonlocal_3x3_inputfeatures_u_v_theta_w_uw_vw_era5_training_data_hourly_2015_constant_mu_sigma_scaling06.nc']
Model created. 
 --- model size: 72.95 MBs,
 --- Num params: 19.098 mil. 
Output NC file: /scratch/users/ag4680/gw_inference_ncfiles/TLIFS_inference_TLIFS_ann_cnn_3x3_era5_ifs_global_stratosphere_update_uvthetaw_mseloss_train_epoch200_2015_6_testedonERA5.nc
Initiating inference
Inference complete
NGPUS = 1
Inference for month 7
Inference the ANN_CNN model on global horizontal and global vertical model, with features uvtheta and dropout=0.0.
Test files = ['/scratch/users/ag4680/training_data/era5/nonlocal_3x3_inputfeatures_u_v_theta_w_uw_vw_era5_training_data_hourly_2015_constant_mu_sigma_scaling07.nc']
Model created. 
 --- model size: 43.37 MBs,
 --- Num params: 11.351 mil. 
Output NC file: /scratch/users/ag4680/gw_inference_ncfiles/TLIFS_inference_TLIFS_ann_cnn_3x3_era5_ifs_global_global_uvtheta_mseloss_train_epoch200_2015_7_testedonERA5.nc
Initiating inference
Inference complete
NGPUS = 1
Inference for month 7
Inference the ANN_CNN model on global horizontal and global vertical model, with features uvthetaw and dropout=0.0.
Test files = ['/scratch/users/ag4680/training_data/era5/nonlocal_3x3_inputfeatures_u_v_theta_w_uw_vw_era5_training_data_hourly_2015_constant_mu_sigma_scaling07.nc']
Model created. 
 --- model size: 75.15 MBs,
 --- Num params: 19.676 mil. 
Output NC file: /scratch/users/ag4680/gw_inference_ncfiles/TLIFS_inference_TLIFS_ann_cnn_3x3_era5_ifs_global_global_uvthetaw_mseloss_train_epoch200_2015_7_testedonERA5.nc
Initiating inference
Inference complete
NGPUS = 1
Inference for month 7
Inference the ANN_CNN model on global horizontal and stratosphere_only vertical model, with features uvtheta and dropout=0.0.
Test files = ['/scratch/users/ag4680/training_data/era5/stratosphere_nonlocal_3x3_inputfeatures_u_v_theta_w_N2_uw_vw_era5_training_data_hourly_2015_constant_mu_sigma_scaling07.nc']
Model created. 
 --- model size: 10.70 MBs,
 --- Num params: 2.797 mil. 
Output NC file: /scratch/users/ag4680/gw_inference_ncfiles/TLIFS_inference_TLIFS_ann_cnn_3x3_era5_ifs_global_stratosphere_only_uvtheta_mseloss_train_epoch200_2015_7_testedonERA5.nc
Initiating inference
Inference complete
NGPUS = 1
Inference for month 7
Inference the ANN_CNN model on global horizontal and stratosphere_only vertical model, with features uvthetaw and dropout=0.0.
Test files = ['/scratch/users/ag4680/training_data/era5/stratosphere_nonlocal_3x3_inputfeatures_u_v_theta_w_N2_uw_vw_era5_training_data_hourly_2015_constant_mu_sigma_scaling07.nc']
Model created. 
 --- model size: 18.46 MBs,
 --- Num params: 4.826 mil. 
Output NC file: /scratch/users/ag4680/gw_inference_ncfiles/TLIFS_inference_TLIFS_ann_cnn_3x3_era5_ifs_global_stratosphere_only_uvthetaw_mseloss_train_epoch200_2015_7_testedonERA5.nc
Initiating inference
Inference complete
NGPUS = 1
Inference for month 7
Inference the ANN_CNN model on global horizontal and stratosphere_update vertical model, with features uvtheta and dropout=0.0.
Test files = ['/scratch/users/ag4680/training_data/era5/nonlocal_3x3_inputfeatures_u_v_theta_w_uw_vw_era5_training_data_hourly_2015_constant_mu_sigma_scaling07.nc']
Model created. 
 --- model size: 41.63 MBs,
 --- Num params: 10.894 mil. 
Output NC file: /scratch/users/ag4680/gw_inference_ncfiles/TLIFS_inference_TLIFS_ann_cnn_3x3_era5_ifs_global_stratosphere_update_uvtheta_mseloss_train_epoch200_2015_7_testedonERA5.nc
Initiating inference
Inference complete
NGPUS = 1
Inference for month 7
Inference the ANN_CNN model on global horizontal and stratosphere_update vertical model, with features uvthetaw and dropout=0.0.
Test files = ['/scratch/users/ag4680/training_data/era5/nonlocal_3x3_inputfeatures_u_v_theta_w_uw_vw_era5_training_data_hourly_2015_constant_mu_sigma_scaling07.nc']
Model created. 
 --- model size: 72.95 MBs,
 --- Num params: 19.098 mil. 
Output NC file: /scratch/users/ag4680/gw_inference_ncfiles/TLIFS_inference_TLIFS_ann_cnn_3x3_era5_ifs_global_stratosphere_update_uvthetaw_mseloss_train_epoch200_2015_7_testedonERA5.nc
Initiating inference
Inference complete
NGPUS = 1
Inference for month 8
Inference the ANN_CNN model on global horizontal and global vertical model, with features uvtheta and dropout=0.0.
Test files = ['/scratch/users/ag4680/training_data/era5/nonlocal_3x3_inputfeatures_u_v_theta_w_uw_vw_era5_training_data_hourly_2015_constant_mu_sigma_scaling08.nc']
Model created. 
 --- model size: 43.37 MBs,
 --- Num params: 11.351 mil. 
Output NC file: /scratch/users/ag4680/gw_inference_ncfiles/TLIFS_inference_TLIFS_ann_cnn_3x3_era5_ifs_global_global_uvtheta_mseloss_train_epoch200_2015_8_testedonERA5.nc
Initiating inference
Inference complete
NGPUS = 1
Inference for month 8
Inference the ANN_CNN model on global horizontal and global vertical model, with features uvthetaw and dropout=0.0.
Test files = ['/scratch/users/ag4680/training_data/era5/nonlocal_3x3_inputfeatures_u_v_theta_w_uw_vw_era5_training_data_hourly_2015_constant_mu_sigma_scaling08.nc']
Model created. 
 --- model size: 75.15 MBs,
 --- Num params: 19.676 mil. 
Output NC file: /scratch/users/ag4680/gw_inference_ncfiles/TLIFS_inference_TLIFS_ann_cnn_3x3_era5_ifs_global_global_uvthetaw_mseloss_train_epoch200_2015_8_testedonERA5.nc
Initiating inference
Inference complete
NGPUS = 1
Inference for month 8
Inference the ANN_CNN model on global horizontal and stratosphere_only vertical model, with features uvtheta and dropout=0.0.
Test files = ['/scratch/users/ag4680/training_data/era5/stratosphere_nonlocal_3x3_inputfeatures_u_v_theta_w_N2_uw_vw_era5_training_data_hourly_2015_constant_mu_sigma_scaling08.nc']
Model created. 
 --- model size: 10.70 MBs,
 --- Num params: 2.797 mil. 
Output NC file: /scratch/users/ag4680/gw_inference_ncfiles/TLIFS_inference_TLIFS_ann_cnn_3x3_era5_ifs_global_stratosphere_only_uvtheta_mseloss_train_epoch200_2015_8_testedonERA5.nc
Initiating inference
Inference complete
NGPUS = 1
Inference for month 8
Inference the ANN_CNN model on global horizontal and stratosphere_only vertical model, with features uvthetaw and dropout=0.0.
Test files = ['/scratch/users/ag4680/training_data/era5/stratosphere_nonlocal_3x3_inputfeatures_u_v_theta_w_N2_uw_vw_era5_training_data_hourly_2015_constant_mu_sigma_scaling08.nc']
Model created. 
 --- model size: 18.46 MBs,
 --- Num params: 4.826 mil. 
Output NC file: /scratch/users/ag4680/gw_inference_ncfiles/TLIFS_inference_TLIFS_ann_cnn_3x3_era5_ifs_global_stratosphere_only_uvthetaw_mseloss_train_epoch200_2015_8_testedonERA5.nc
Initiating inference
Inference complete
NGPUS = 1
Inference for month 8
Inference the ANN_CNN model on global horizontal and stratosphere_update vertical model, with features uvtheta and dropout=0.0.
Test files = ['/scratch/users/ag4680/training_data/era5/nonlocal_3x3_inputfeatures_u_v_theta_w_uw_vw_era5_training_data_hourly_2015_constant_mu_sigma_scaling08.nc']
Model created. 
 --- model size: 41.63 MBs,
 --- Num params: 10.894 mil. 
Output NC file: /scratch/users/ag4680/gw_inference_ncfiles/TLIFS_inference_TLIFS_ann_cnn_3x3_era5_ifs_global_stratosphere_update_uvtheta_mseloss_train_epoch200_2015_8_testedonERA5.nc
Initiating inference
Inference complete
NGPUS = 1
Inference for month 8
Inference the ANN_CNN model on global horizontal and stratosphere_update vertical model, with features uvthetaw and dropout=0.0.
Test files = ['/scratch/users/ag4680/training_data/era5/nonlocal_3x3_inputfeatures_u_v_theta_w_uw_vw_era5_training_data_hourly_2015_constant_mu_sigma_scaling08.nc']
Model created. 
 --- model size: 72.95 MBs,
 --- Num params: 19.098 mil. 
Output NC file: /scratch/users/ag4680/gw_inference_ncfiles/TLIFS_inference_TLIFS_ann_cnn_3x3_era5_ifs_global_stratosphere_update_uvthetaw_mseloss_train_epoch200_2015_8_testedonERA5.nc
Initiating inference
Inference complete
NGPUS = 1
Inference for month 9
Inference the ANN_CNN model on global horizontal and global vertical model, with features uvtheta and dropout=0.0.
Test files = ['/scratch/users/ag4680/training_data/era5/nonlocal_3x3_inputfeatures_u_v_theta_w_uw_vw_era5_training_data_hourly_2015_constant_mu_sigma_scaling09.nc']
Model created. 
 --- model size: 43.37 MBs,
 --- Num params: 11.351 mil. 
Output NC file: /scratch/users/ag4680/gw_inference_ncfiles/TLIFS_inference_TLIFS_ann_cnn_3x3_era5_ifs_global_global_uvtheta_mseloss_train_epoch200_2015_9_testedonERA5.nc
Initiating inference
Inference complete
NGPUS = 1
Inference for month 9
Inference the ANN_CNN model on global horizontal and global vertical model, with features uvthetaw and dropout=0.0.
Test files = ['/scratch/users/ag4680/training_data/era5/nonlocal_3x3_inputfeatures_u_v_theta_w_uw_vw_era5_training_data_hourly_2015_constant_mu_sigma_scaling09.nc']
Model created. 
 --- model size: 75.15 MBs,
 --- Num params: 19.676 mil. 
Output NC file: /scratch/users/ag4680/gw_inference_ncfiles/TLIFS_inference_TLIFS_ann_cnn_3x3_era5_ifs_global_global_uvthetaw_mseloss_train_epoch200_2015_9_testedonERA5.nc
Initiating inference
Inference complete
NGPUS = 1
Inference for month 9
Inference the ANN_CNN model on global horizontal and stratosphere_only vertical model, with features uvtheta and dropout=0.0.
Test files = ['/scratch/users/ag4680/training_data/era5/stratosphere_nonlocal_3x3_inputfeatures_u_v_theta_w_N2_uw_vw_era5_training_data_hourly_2015_constant_mu_sigma_scaling09.nc']
Model created. 
 --- model size: 10.70 MBs,
 --- Num params: 2.797 mil. 
Output NC file: /scratch/users/ag4680/gw_inference_ncfiles/TLIFS_inference_TLIFS_ann_cnn_3x3_era5_ifs_global_stratosphere_only_uvtheta_mseloss_train_epoch200_2015_9_testedonERA5.nc
Initiating inference
Inference complete
NGPUS = 1
Inference for month 9
Inference the ANN_CNN model on global horizontal and stratosphere_only vertical model, with features uvthetaw and dropout=0.0.
Test files = ['/scratch/users/ag4680/training_data/era5/stratosphere_nonlocal_3x3_inputfeatures_u_v_theta_w_N2_uw_vw_era5_training_data_hourly_2015_constant_mu_sigma_scaling09.nc']
Model created. 
 --- model size: 18.46 MBs,
 --- Num params: 4.826 mil. 
Output NC file: /scratch/users/ag4680/gw_inference_ncfiles/TLIFS_inference_TLIFS_ann_cnn_3x3_era5_ifs_global_stratosphere_only_uvthetaw_mseloss_train_epoch200_2015_9_testedonERA5.nc
Initiating inference
Inference complete
NGPUS = 1
Inference for month 9
Inference the ANN_CNN model on global horizontal and stratosphere_update vertical model, with features uvtheta and dropout=0.0.
Test files = ['/scratch/users/ag4680/training_data/era5/nonlocal_3x3_inputfeatures_u_v_theta_w_uw_vw_era5_training_data_hourly_2015_constant_mu_sigma_scaling09.nc']
Model created. 
 --- model size: 41.63 MBs,
 --- Num params: 10.894 mil. 
Output NC file: /scratch/users/ag4680/gw_inference_ncfiles/TLIFS_inference_TLIFS_ann_cnn_3x3_era5_ifs_global_stratosphere_update_uvtheta_mseloss_train_epoch200_2015_9_testedonERA5.nc
Initiating inference
Inference complete
NGPUS = 1
Inference for month 9
Inference the ANN_CNN model on global horizontal and stratosphere_update vertical model, with features uvthetaw and dropout=0.0.
Test files = ['/scratch/users/ag4680/training_data/era5/nonlocal_3x3_inputfeatures_u_v_theta_w_uw_vw_era5_training_data_hourly_2015_constant_mu_sigma_scaling09.nc']
Model created. 
 --- model size: 72.95 MBs,
 --- Num params: 19.098 mil. 
Output NC file: /scratch/users/ag4680/gw_inference_ncfiles/TLIFS_inference_TLIFS_ann_cnn_3x3_era5_ifs_global_stratosphere_update_uvthetaw_mseloss_train_epoch200_2015_9_testedonERA5.nc
Initiating inference
Inference complete
NGPUS = 1
Inference for month 10
Inference the ANN_CNN model on global horizontal and global vertical model, with features uvtheta and dropout=0.0.
Test files = ['/scratch/users/ag4680/training_data/era5/nonlocal_3x3_inputfeatures_u_v_theta_w_uw_vw_era5_training_data_hourly_2015_constant_mu_sigma_scaling10.nc']
Model created. 
 --- model size: 43.37 MBs,
 --- Num params: 11.351 mil. 
Output NC file: /scratch/users/ag4680/gw_inference_ncfiles/TLIFS_inference_TLIFS_ann_cnn_3x3_era5_ifs_global_global_uvtheta_mseloss_train_epoch200_2015_10_testedonERA5.nc
Initiating inference
Inference complete
NGPUS = 1
Inference for month 10
Inference the ANN_CNN model on global horizontal and global vertical model, with features uvthetaw and dropout=0.0.
Test files = ['/scratch/users/ag4680/training_data/era5/nonlocal_3x3_inputfeatures_u_v_theta_w_uw_vw_era5_training_data_hourly_2015_constant_mu_sigma_scaling10.nc']
Model created. 
 --- model size: 75.15 MBs,
 --- Num params: 19.676 mil. 
Output NC file: /scratch/users/ag4680/gw_inference_ncfiles/TLIFS_inference_TLIFS_ann_cnn_3x3_era5_ifs_global_global_uvthetaw_mseloss_train_epoch200_2015_10_testedonERA5.nc
Initiating inference
Inference complete
NGPUS = 1
Inference for month 10
Inference the ANN_CNN model on global horizontal and stratosphere_only vertical model, with features uvtheta and dropout=0.0.
Test files = ['/scratch/users/ag4680/training_data/era5/stratosphere_nonlocal_3x3_inputfeatures_u_v_theta_w_N2_uw_vw_era5_training_data_hourly_2015_constant_mu_sigma_scaling10.nc']
Model created. 
 --- model size: 10.70 MBs,
 --- Num params: 2.797 mil. 
Output NC file: /scratch/users/ag4680/gw_inference_ncfiles/TLIFS_inference_TLIFS_ann_cnn_3x3_era5_ifs_global_stratosphere_only_uvtheta_mseloss_train_epoch200_2015_10_testedonERA5.nc
Initiating inference
Inference complete
NGPUS = 1
Inference for month 10
Inference the ANN_CNN model on global horizontal and stratosphere_only vertical model, with features uvthetaw and dropout=0.0.
Test files = ['/scratch/users/ag4680/training_data/era5/stratosphere_nonlocal_3x3_inputfeatures_u_v_theta_w_N2_uw_vw_era5_training_data_hourly_2015_constant_mu_sigma_scaling10.nc']
Model created. 
 --- model size: 18.46 MBs,
 --- Num params: 4.826 mil. 
Output NC file: /scratch/users/ag4680/gw_inference_ncfiles/TLIFS_inference_TLIFS_ann_cnn_3x3_era5_ifs_global_stratosphere_only_uvthetaw_mseloss_train_epoch200_2015_10_testedonERA5.nc
Initiating inference
Inference complete
NGPUS = 1
Inference for month 10
Inference the ANN_CNN model on global horizontal and stratosphere_update vertical model, with features uvtheta and dropout=0.0.
Test files = ['/scratch/users/ag4680/training_data/era5/nonlocal_3x3_inputfeatures_u_v_theta_w_uw_vw_era5_training_data_hourly_2015_constant_mu_sigma_scaling10.nc']
Model created. 
 --- model size: 41.63 MBs,
 --- Num params: 10.894 mil. 
Output NC file: /scratch/users/ag4680/gw_inference_ncfiles/TLIFS_inference_TLIFS_ann_cnn_3x3_era5_ifs_global_stratosphere_update_uvtheta_mseloss_train_epoch200_2015_10_testedonERA5.nc
Initiating inference
Inference complete
NGPUS = 1
Inference for month 10
Inference the ANN_CNN model on global horizontal and stratosphere_update vertical model, with features uvthetaw and dropout=0.0.
Test files = ['/scratch/users/ag4680/training_data/era5/nonlocal_3x3_inputfeatures_u_v_theta_w_uw_vw_era5_training_data_hourly_2015_constant_mu_sigma_scaling10.nc']
Model created. 
 --- model size: 72.95 MBs,
 --- Num params: 19.098 mil. 
Output NC file: /scratch/users/ag4680/gw_inference_ncfiles/TLIFS_inference_TLIFS_ann_cnn_3x3_era5_ifs_global_stratosphere_update_uvthetaw_mseloss_train_epoch200_2015_10_testedonERA5.nc
Initiating inference
Inference complete
NGPUS = 1
Inference for month 11
Inference the ANN_CNN model on global horizontal and global vertical model, with features uvtheta and dropout=0.0.
Test files = ['/scratch/users/ag4680/training_data/era5/nonlocal_3x3_inputfeatures_u_v_theta_w_uw_vw_era5_training_data_hourly_2015_constant_mu_sigma_scaling11.nc']
Model created. 
 --- model size: 43.37 MBs,
 --- Num params: 11.351 mil. 
Output NC file: /scratch/users/ag4680/gw_inference_ncfiles/TLIFS_inference_TLIFS_ann_cnn_3x3_era5_ifs_global_global_uvtheta_mseloss_train_epoch200_2015_11_testedonERA5.nc
Initiating inference
Inference complete
NGPUS = 1
Inference for month 11
Inference the ANN_CNN model on global horizontal and global vertical model, with features uvthetaw and dropout=0.0.
Test files = ['/scratch/users/ag4680/training_data/era5/nonlocal_3x3_inputfeatures_u_v_theta_w_uw_vw_era5_training_data_hourly_2015_constant_mu_sigma_scaling11.nc']
Model created. 
 --- model size: 75.15 MBs,
 --- Num params: 19.676 mil. 
Output NC file: /scratch/users/ag4680/gw_inference_ncfiles/TLIFS_inference_TLIFS_ann_cnn_3x3_era5_ifs_global_global_uvthetaw_mseloss_train_epoch200_2015_11_testedonERA5.nc
Initiating inference
Inference complete
NGPUS = 1
Inference for month 11
Inference the ANN_CNN model on global horizontal and stratosphere_only vertical model, with features uvtheta and dropout=0.0.
Test files = ['/scratch/users/ag4680/training_data/era5/stratosphere_nonlocal_3x3_inputfeatures_u_v_theta_w_N2_uw_vw_era5_training_data_hourly_2015_constant_mu_sigma_scaling11.nc']
Model created. 
 --- model size: 10.70 MBs,
 --- Num params: 2.797 mil. 
Output NC file: /scratch/users/ag4680/gw_inference_ncfiles/TLIFS_inference_TLIFS_ann_cnn_3x3_era5_ifs_global_stratosphere_only_uvtheta_mseloss_train_epoch200_2015_11_testedonERA5.nc
Initiating inference
Inference complete
NGPUS = 1
Inference for month 11
Inference the ANN_CNN model on global horizontal and stratosphere_only vertical model, with features uvthetaw and dropout=0.0.
Test files = ['/scratch/users/ag4680/training_data/era5/stratosphere_nonlocal_3x3_inputfeatures_u_v_theta_w_N2_uw_vw_era5_training_data_hourly_2015_constant_mu_sigma_scaling11.nc']
Model created. 
 --- model size: 18.46 MBs,
 --- Num params: 4.826 mil. 
Output NC file: /scratch/users/ag4680/gw_inference_ncfiles/TLIFS_inference_TLIFS_ann_cnn_3x3_era5_ifs_global_stratosphere_only_uvthetaw_mseloss_train_epoch200_2015_11_testedonERA5.nc
Initiating inference
Inference complete
NGPUS = 1
Inference for month 11
Inference the ANN_CNN model on global horizontal and stratosphere_update vertical model, with features uvtheta and dropout=0.0.
Test files = ['/scratch/users/ag4680/training_data/era5/nonlocal_3x3_inputfeatures_u_v_theta_w_uw_vw_era5_training_data_hourly_2015_constant_mu_sigma_scaling11.nc']
Model created. 
 --- model size: 41.63 MBs,
 --- Num params: 10.894 mil. 
Output NC file: /scratch/users/ag4680/gw_inference_ncfiles/TLIFS_inference_TLIFS_ann_cnn_3x3_era5_ifs_global_stratosphere_update_uvtheta_mseloss_train_epoch200_2015_11_testedonERA5.nc
Initiating inference
Inference complete
NGPUS = 1
Inference for month 11
Inference the ANN_CNN model on global horizontal and stratosphere_update vertical model, with features uvthetaw and dropout=0.0.
Test files = ['/scratch/users/ag4680/training_data/era5/nonlocal_3x3_inputfeatures_u_v_theta_w_uw_vw_era5_training_data_hourly_2015_constant_mu_sigma_scaling11.nc']
Model created. 
 --- model size: 72.95 MBs,
 --- Num params: 19.098 mil. 
Output NC file: /scratch/users/ag4680/gw_inference_ncfiles/TLIFS_inference_TLIFS_ann_cnn_3x3_era5_ifs_global_stratosphere_update_uvthetaw_mseloss_train_epoch200_2015_11_testedonERA5.nc
Initiating inference
Inference complete
NGPUS = 1
Inference for month 12
Inference the ANN_CNN model on global horizontal and global vertical model, with features uvtheta and dropout=0.0.
Test files = ['/scratch/users/ag4680/training_data/era5/nonlocal_3x3_inputfeatures_u_v_theta_w_uw_vw_era5_training_data_hourly_2015_constant_mu_sigma_scaling12.nc']
Model created. 
 --- model size: 43.37 MBs,
 --- Num params: 11.351 mil. 
Output NC file: /scratch/users/ag4680/gw_inference_ncfiles/TLIFS_inference_TLIFS_ann_cnn_3x3_era5_ifs_global_global_uvtheta_mseloss_train_epoch200_2015_12_testedonERA5.nc
Initiating inference
Inference complete
NGPUS = 1
Inference for month 12
Inference the ANN_CNN model on global horizontal and global vertical model, with features uvthetaw and dropout=0.0.
Test files = ['/scratch/users/ag4680/training_data/era5/nonlocal_3x3_inputfeatures_u_v_theta_w_uw_vw_era5_training_data_hourly_2015_constant_mu_sigma_scaling12.nc']
Model created. 
 --- model size: 75.15 MBs,
 --- Num params: 19.676 mil. 
Output NC file: /scratch/users/ag4680/gw_inference_ncfiles/TLIFS_inference_TLIFS_ann_cnn_3x3_era5_ifs_global_global_uvthetaw_mseloss_train_epoch200_2015_12_testedonERA5.nc
Initiating inference
Inference complete
NGPUS = 1
Inference for month 12
Inference the ANN_CNN model on global horizontal and stratosphere_only vertical model, with features uvtheta and dropout=0.0.
Test files = ['/scratch/users/ag4680/training_data/era5/stratosphere_nonlocal_3x3_inputfeatures_u_v_theta_w_N2_uw_vw_era5_training_data_hourly_2015_constant_mu_sigma_scaling12.nc']
Model created. 
 --- model size: 10.70 MBs,
 --- Num params: 2.797 mil. 
Output NC file: /scratch/users/ag4680/gw_inference_ncfiles/TLIFS_inference_TLIFS_ann_cnn_3x3_era5_ifs_global_stratosphere_only_uvtheta_mseloss_train_epoch200_2015_12_testedonERA5.nc
Initiating inference
Inference complete
NGPUS = 1
Inference for month 12
Inference the ANN_CNN model on global horizontal and stratosphere_only vertical model, with features uvthetaw and dropout=0.0.
Test files = ['/scratch/users/ag4680/training_data/era5/stratosphere_nonlocal_3x3_inputfeatures_u_v_theta_w_N2_uw_vw_era5_training_data_hourly_2015_constant_mu_sigma_scaling12.nc']
Model created. 
 --- model size: 18.46 MBs,
 --- Num params: 4.826 mil. 
Output NC file: /scratch/users/ag4680/gw_inference_ncfiles/TLIFS_inference_TLIFS_ann_cnn_3x3_era5_ifs_global_stratosphere_only_uvthetaw_mseloss_train_epoch200_2015_12_testedonERA5.nc
Initiating inference
Inference complete
NGPUS = 1
Inference for month 12
Inference the ANN_CNN model on global horizontal and stratosphere_update vertical model, with features uvtheta and dropout=0.0.
Test files = ['/scratch/users/ag4680/training_data/era5/nonlocal_3x3_inputfeatures_u_v_theta_w_uw_vw_era5_training_data_hourly_2015_constant_mu_sigma_scaling12.nc']
Model created. 
 --- model size: 41.63 MBs,
 --- Num params: 10.894 mil. 
Output NC file: /scratch/users/ag4680/gw_inference_ncfiles/TLIFS_inference_TLIFS_ann_cnn_3x3_era5_ifs_global_stratosphere_update_uvtheta_mseloss_train_epoch200_2015_12_testedonERA5.nc
Initiating inference
Inference complete
NGPUS = 1
Inference for month 12
Inference the ANN_CNN model on global horizontal and stratosphere_update vertical model, with features uvthetaw and dropout=0.0.
Test files = ['/scratch/users/ag4680/training_data/era5/nonlocal_3x3_inputfeatures_u_v_theta_w_uw_vw_era5_training_data_hourly_2015_constant_mu_sigma_scaling12.nc']
Model created. 
 --- model size: 72.95 MBs,
 --- Num params: 19.098 mil. 
Output NC file: /scratch/users/ag4680/gw_inference_ncfiles/TLIFS_inference_TLIFS_ann_cnn_3x3_era5_ifs_global_stratosphere_update_uvthetaw_mseloss_train_epoch200_2015_12_testedonERA5.nc
Initiating inference
Inference complete
NGPUS = 1
Inference the ANN_CNN model on global horizontal and global vertical model, with features uvtheta and dropout=0.0.
Test files = ['/scratch/users/ag4680/coarsegrained_ifs_gwmf_helmholtz/NDJF/troposphere_and_stratosphere_3x3_inputfeatures_u_v_theta_w_uw_vw_era5_training_data_hourly_constant_mu_sigma_scaling.nc']
Model created. 
 --- model size: 43.37 MBs,
 --- Num params: 11.351 mil. 
Output NC file: /scratch/users/ag4680/gw_inference_ncfiles/TLIFS_inference_TLIFS_ann_cnn_3x3_era5_ifs_global_global_uvtheta_mseloss_train_epoch200_testedonIFS.nc
Initiating inference
Inference complete
NGPUS = 1
Inference the ANN_CNN model on global horizontal and global vertical model, with features uvthetaw and dropout=0.0.
Test files = ['/scratch/users/ag4680/coarsegrained_ifs_gwmf_helmholtz/NDJF/troposphere_and_stratosphere_3x3_inputfeatures_u_v_theta_w_uw_vw_era5_training_data_hourly_constant_mu_sigma_scaling.nc']
Model created. 
 --- model size: 75.15 MBs,
 --- Num params: 19.676 mil. 
Output NC file: /scratch/users/ag4680/gw_inference_ncfiles/TLIFS_inference_TLIFS_ann_cnn_3x3_era5_ifs_global_global_uvthetaw_mseloss_train_epoch200_testedonIFS.nc
Initiating inference
Inference complete
NGPUS = 1
Inference the ANN_CNN model on global horizontal and stratosphere_only vertical model, with features uvtheta and dropout=0.0.
Test files = ['/scratch/users/ag4680/coarsegrained_ifs_gwmf_helmholtz/NDJF/stratosphere_only_3x3_inputfeatures_u_v_theta_w_N2_uw_vw_era5_training_data_hourly_constant_mu_sigma_scaling.nc']
Model created. 
 --- model size: 10.70 MBs,
 --- Num params: 2.797 mil. 
Output NC file: /scratch/users/ag4680/gw_inference_ncfiles/TLIFS_inference_TLIFS_ann_cnn_3x3_era5_ifs_global_stratosphere_only_uvtheta_mseloss_train_epoch200_testedonIFS.nc
Initiating inference
Inference complete
NGPUS = 1
Inference the ANN_CNN model on global horizontal and stratosphere_only vertical model, with features uvthetaw and dropout=0.0.
Test files = ['/scratch/users/ag4680/coarsegrained_ifs_gwmf_helmholtz/NDJF/stratosphere_only_3x3_inputfeatures_u_v_theta_w_N2_uw_vw_era5_training_data_hourly_constant_mu_sigma_scaling.nc']
Model created. 
 --- model size: 18.46 MBs,
 --- Num params: 4.826 mil. 
Output NC file: /scratch/users/ag4680/gw_inference_ncfiles/TLIFS_inference_TLIFS_ann_cnn_3x3_era5_ifs_global_stratosphere_only_uvthetaw_mseloss_train_epoch200_testedonIFS.nc
Initiating inference
Inference complete
NGPUS = 1
Inference the ANN_CNN model on global horizontal and stratosphere_update vertical model, with features uvtheta and dropout=0.0.
Test files = ['/scratch/users/ag4680/coarsegrained_ifs_gwmf_helmholtz/NDJF/troposphere_and_stratosphere_3x3_inputfeatures_u_v_theta_w_uw_vw_era5_training_data_hourly_constant_mu_sigma_scaling.nc']
Model created. 
 --- model size: 41.63 MBs,
 --- Num params: 10.894 mil. 
Output NC file: /scratch/users/ag4680/gw_inference_ncfiles/TLIFS_inference_TLIFS_ann_cnn_3x3_era5_ifs_global_stratosphere_update_uvtheta_mseloss_train_epoch200_testedonIFS.nc
Initiating inference
Inference complete
NGPUS = 1
Inference the ANN_CNN model on global horizontal and stratosphere_update vertical model, with features uvthetaw and dropout=0.0.
Test files = ['/scratch/users/ag4680/coarsegrained_ifs_gwmf_helmholtz/NDJF/troposphere_and_stratosphere_3x3_inputfeatures_u_v_theta_w_uw_vw_era5_training_data_hourly_constant_mu_sigma_scaling.nc']
Model created. 
 --- model size: 72.95 MBs,
 --- Num params: 19.098 mil. 
Output NC file: /scratch/users/ag4680/gw_inference_ncfiles/TLIFS_inference_TLIFS_ann_cnn_3x3_era5_ifs_global_stratosphere_update_uvthetaw_mseloss_train_epoch200_testedonIFS.nc
Initiating inference
Inference complete
NGPUS = 1
Inference the ANN_CNN model on global horizontal and stratosphere_update vertical model, with features uvw and dropout=0.0.
Test files = ['/scratch/users/ag4680/coarsegrained_ifs_gwmf_helmholtz/NDJF/troposphere_and_stratosphere_3x3_inputfeatures_u_v_theta_w_uw_vw_era5_training_data_hourly_constant_mu_sigma_scaling.nc']
Model created. 
 --- model size: 41.63 MBs,
 --- Num params: 10.894 mil. 
Traceback (most recent call last):
  File "/home/users/ag4680/nonlocal_gwfluxes/ifs_transfer_learning/ANN_inference.py", line 129, in <module>
    checkpoint = torch.load(PATH, map_location=torch.device(device))
                 ^^^^^^^^^^^^^^^^^^^^^^^^^^^^^^^^^^^^^^^^^^^^^^^^^^^
  File "/home/groups/aditis2/ag4680/miniconda3/envs/siv2/lib/python3.12/site-packages/torch/serialization.py", line 997, in load
    with _open_file_like(f, 'rb') as opened_file:
         ^^^^^^^^^^^^^^^^^^^^^^^^
  File "/home/groups/aditis2/ag4680/miniconda3/envs/siv2/lib/python3.12/site-packages/torch/serialization.py", line 444, in _open_file_like
    return _open_file(name_or_buffer, mode)
           ^^^^^^^^^^^^^^^^^^^^^^^^^^^^^^^^
  File "/home/groups/aditis2/ag4680/miniconda3/envs/siv2/lib/python3.12/site-packages/torch/serialization.py", line 425, in __init__
    super().__init__(open(name, mode))
                     ^^^^^^^^^^^^^^^^
FileNotFoundError: [Errno 2] No such file or directory: '/scratch/users/ag4680/torch_saved_models/transfer_learning_IFS/ann_cnn/TLIFS_ann_cnn_3x3_era5_ifs_global_stratosphere_update_uvw_mseloss_train_epoch200.pt'
